# 1 "tests/sources/0-main.c"
#include <stdio.h>

/**
 * main - Entry point
 *
 * Return: Always 0 (Success)
 */
int main(void)
{
    printf("Hello, World!\n");
    return (0);
}
